[33mÔØ»[39m Building...
[32mÔ£ö[39m Building...
[1mInitial chunk files[22m[2m | [22m[1mNames[22m                 [2m | [22m [1mRaw size[22m[2m | [22m[1mEstimated transfer size[22m
[32mchunk-UHZ7OF7L.js[39m  [2m | [22m[2m-[22m                     [2m | [22m[36m147.03 kB[39m[2m | [22m               [36m42.44 kB[39m
[32mchunk-DZGLFFB5.js[39m  [2m | [22m[2m-[22m                     [2m | [22m[36m104.19 kB[39m[2m | [22m               [36m26.52 kB[39m
[32mmain-SMYMBRPR.js[39m   [2m | [22m[2mmain[22m                  [2m | [22m [36m19.75 kB[39m[2m | [22m                [36m5.61 kB[39m
[32mstyles-5INURTSO.css[39m[2m | [22m[2mstyles[22m                [2m | [22m  [36m0 bytes[39m[2m | [22m                [36m0 bytes[39m

[1m [22m                  [2m | [22m[1mInitial total[22m         [2m | [22m[1m270.97 kB[22m[2m | [22m               [1m74.58 kB[22m

[1mLazy chunk files[22m   [2m | [22m[1mNames[22m                 [2m | [22m [1mRaw size[22m[2m | [22m[1mEstimated transfer size[22m
[32mchunk-VC7WGIVA.js[39m  [2m | [22m[2m-[22m                     [2m | [22m [36m26.16 kB[39m[2m | [22m                [36m5.91 kB[39m
[32mchunk-RMP6AHTR.js[39m  [2m | [22m[2mregister-component[22m    [2m | [22m  [36m3.05 kB[39m[2m | [22m                [36m1.26 kB[39m
[32mchunk-UZHNDKK5.js[39m  [2m | [22m[2mlogin-component[22m       [2m | [22m  [36m2.06 kB[39m[2m | [22m              [36m939 bytes[39m
[32mchunk-D4TU7ITJ.js[39m  [2m | [22m[2mestatisticas-component[22m[2m | [22m[36m356 bytes[39m[2m | [22m              [36m356 bytes[39m
[32mchunk-PGR7GXIZ.js[39m  [2m | [22m[2mleaderboard-component[22m [2m | [22m[36m353 bytes[39m[2m | [22m              [36m353 bytes[39m
[32mchunk-SVDJAUDN.js[39m  [2m | [22m[2mconfigurar-component[22m  [2m | [22m[36m350 bytes[39m[2m | [22m              [36m350 bytes[39m
[32mchunk-4XRIS4ZG.js[39m  [2m | [22m[2mdashboard-component[22m   [2m | [22m[36m347 bytes[39m[2m | [22m              [36m347 bytes[39m
[32mchunk-GDSUADUL.js[39m  [2m | [22m[2mresultado-component[22m   [2m | [22m[36m347 bytes[39m[2m | [22m              [36m347 bytes[39m
[32mchunk-HOAKHJNS.js[39m  [2m | [22m[2mexecutar-component[22m    [2m | [22m[36m344 bytes[39m[2m | [22m              [36m344 bytes[39m
[32mchunk-MOGEUG5G.js[39m  [2m | [22m[2mia-chat-component[22m     [2m | [22m[36m339 bytes[39m[2m | [22m              [36m339 bytes[39m

Application bundle generation complete. [4.595 seconds] - 2026-04-13T23:46:39.711Z

Output location: C:\Users\leand\OneDrive\Desktop\Leandro\Projetos\HiperprojetoFuvest\frontend\dist\frontend

